# --------------------------------------------------- // System
pipewire                                               # audio/video server
pavucontrol                                            # pulseaudio volume control
pamixer                                                # pulseaudio cli mixer
networkmanager                                         # network manager
network-manager-applet                                 # network manager system tray utility
bluez                                                  # bluetooth protocol stack
bluez-utils                                            # bluetooth utility cli
blueman                                                # bluetooth manager gui
brightnessctl                                          # screen brightness control
playerctl                                              # media controls
udiskie                                                # manage removable media

# --------------------------------------------------- // Display Manager
sddm                                                   # display manager for KDE plasma
qt5-quickcontrols                                      # for sddm theme ui elements
qt5-quickcontrols2                                     # for sddm theme ui elements
qt5-graphicaleffects                                   # for sddm theme effects
sddm-theme-corners-git

# --------------------------------------------------- // Window Manager
i3-wm                                                     # window manager
dunst                                                  # notification daemon
rofi                                                   # application launcher
polybar                                                 # system bar
feh                                                   # wallpaper
i3lock-color                                           # enhanced lock screen with blur and transparency
scrot                                                      # screenshot utility for lock screen
flameshot                                                  # screenshot tool
xclip                                               # clipboard manager
clipmenu
picom
# --------------------------------------------------- // Dependencies
pacman-contrib                                         # for system update check
imagemagick                                            # for image processing
qt5-imageformats                                       # for dolphin image thumbnails
ffmpegthumbs                                           # for dolphin video thumbnails
kde-cli-tools                                          # for dolphin file type defaults
libnotify                                              # for notifications
noto-fonts-emoji                                       # emoji font
ttf-jetbrains-mono-nerd
ttf-jetbrains-mono
ttf-roboto
# --------------------------------------------------- // Theming
nwg-look                                               # gtk configuration tool
qt5ct                                                  # qt5 configuration tool
qt6ct                                                  # qt6 configuration tool
kvantum                                                # svg based qt6 theme engine
kvantum-qt5                                            # svg based qt5 theme engine

# --------------------------------------------------- // Applications
chromium                                               # web browser
kitty                                                  # terminal
dolphin                                                # kde file manager
ark                                                    # file archiver
unzip                                                  # extracting zip files
vim                                                    # terminal text editor
cursor-bin                                             # ide text editor
nwg-displays                                           # monitor management utility
fzf                                                    # Command-line fuzzy finder
localsend
mpv
bat

# --------------------------------------------------- // Shell
starship                                           # customizable shell prompt written in Rust
eza                                               # file lister for fish
duf                                               # prettier version of df for fish
fastfetch                                              # system information fetch tool
zoxide                                                  # cd command
ripgrep
fd
fish
lazygit
lazydocker
docker
btop
impala
inkscape
gimp
gnome-calculator
okular
kate
dysk

# --------------------------------------------------- // programming
go
uv
vim
nano
neovim
nodejs
pacseek
jq
wget
curl
plymouth